---
source: crates/sdk-derive/derive-core/src/sol_input.rs
expression: formatted
---
#[derive(::fluentbase_sdk::codec::Codec, Debug, Clone, PartialEq, Eq)]
pub struct User {
    pub name: String,
    pub age: U256,
}
